# Ver.3.1.10 (2026/08/09)
- 状態管理の ViewModel への移行 (derivedStateOf の適正化)

# Ver.3.1.9 (2026/08/09)
- collectAsStateWithLifecycle への完全置換を実施
- ハードコードされた日本語を集約

# Ver.3.1.8 (2026/08/08)
- PreviewParameterProviderの導入

# Ver.3.1.7 (2026/08/08)
- Modifierルールの厳格化を実施

# Ver.3.1.6 (2026/08/08)
- 利用者一覧での検索条件を所見メモ画面へ引き継ぐ機能を実装

# Ver.3.1.5 (2026/08/08)
- 不変コレクション (ImmutableList) の導入による UI 再描画の最適化
- 主要なドメインモデルおよび UI モデルへの @Immutable / @Stable アノテーション付与
- 全画面の UiState におけるリスト・マップ・セット構造の安定化（パフォーマンス向上）
- バージョン情報ダイアログに変更履歴の詳細が表示できるように改善

# Ver.3.1.4 (2026/08/07)
- 健康記録の一括入力画面にて、保存・キャンセル時にキーボードを自動で閉じるように改善
- 利用者の新規登録・編集完了時、一覧画面へ戻ってからスナックバーを表示するように変更
- 保存処理後の画面遷移のレスポンスを向上
- バージョン情報ダイアログに更新履歴とビルド日時の表示機能を追加

# Ver.3.1.3 (2026/08/07)
- Type-save Navigation & SavedStateHandle移行

# Ver.3.1.2 (2026/08/04)
- 未選択状態を空文字で評価していたが、nullとして扱うよう改善

# Ver.3.1.1 (2026/08/04)
- 一括入力で主キーが空文字になっていた不具合を修正

# Ver.3.1.0 (2026/08/03)
- クイック・メニューを実装
- 緊急連絡先の登録機能を追加
- 入力フォームをスクロール可能に変更しキーボードで隠れていた部分もアクセスできるように改善

# Ver.3.0.0 (2026/07/31)
- 所見メモにギャラリーにある写真の登録機能を追加
- システムの安定性の向上(safeLaunchの導入など)
- アプリ構造改善(UiState集約、共通基盤の強化)
- アプリ実装の統一(入力編集体験の統一、アクションの統一など)
- 主キーUUID化

# Ver.2.1.1 (2026/07/02)
- グラフの点をタップすると吹き出しで日時・値を表示
- アプリ構造改善(詳細画面は4ファイル実装に統一)

# Ver.2.1.0 (2026/06/30)
- タブレット・モード実装
- データの一括入力機能を実装
- カラー・テーマを追加

# Ver.2.0.0 (2026/06/28)
- リリースビルド

# Ver.1.6.0 (2026/06/28)
- Roomデータベースを暗号化

# Ver.1.5.1 (2026/06/27)
- 服薬管理で、服薬状況を表形式で表示できるように改善
- データのバックアップ時とPDF出力時にパスワードが設定できるように改善

# Ver.1.5.0 (2026/06/27)
- 服薬管理カテゴリを追加

# Ver.1.4.0 (2026/06/26)
- 血圧・脈拍カテゴリをバイタルに名称変更し、体温も記録できるように改善
- グラフ拡大表示機能追加
- アプリ・ロック機能について、生体認証が使えない古いデバイスでも、ジェスチャーなどそのデバイスで使える認証方式でロック・解除ができるよう改善

# Ver.1.3.0 (2026/06/24)
- UI/UX改善

# Ver.1.2.2 (2026/06/22)
- グラフの見切れ状態の解消
- 血糖値・HbA1cに値の判定結果を追加
- 所見メモの並び順を改善

# Ver.1.2.1 (2026/06/22)
- グラフのズーム機能追加
- カテゴリ選択バーで、記録のあるカテゴリを太枠で囲むように改善

# Ver.1.2.0 (2026/06/21)
- 所見メモに検索機能を追加
- 利用者一覧にも検索機能を追加し、検索文字列を含む所見メモを持つ利用者を抽出できるように改善

# Ver.1.1.0 (2026/06/21)
- 所見メモに写真を撮影して登録出来る機能を追加

# Ver.1.0.2 (2026/06/21)
- アプリ・ロック機能追加

# Ver.1.0.1 (2026/06/21)
- UI/UX改善

# Ver.1.0.0 (2026/06/20)
- リリースビルド
